The system is: Darwin - 25.5.0 - x86_64
Compiling the C compiler identification source file "CMakeCCompilerId.c" succeeded.
Compiler: /Library/Developer/CommandLineTools/usr/bin/cc 
Build flags: 
Id flags: -c 

The output was:
0


Compilation of the C compiler identification source "CMakeCCompilerId.c" produced "CMakeCCompilerId.o"

The C compiler identification is AppleClang, found in "/Users/alex/Desktop/ongoing/Stepchild Project/stepchild/code/stepchild/headless/build-native/CMakeFiles/3.23.2/CompilerIdC/CMakeCCompilerId.o"

Compiling the CXX compiler identification source file "CMakeCXXCompilerId.cpp" succeeded.
Compiler: /Library/Developer/CommandLineTools/usr/bin/c++ 
Build flags: 
Id flags: -c 

The output was:
0


Compilation of the CXX compiler identification source "CMakeCXXCompilerId.cpp" produced "CMakeCXXCompilerId.o"

The CXX compiler identification is AppleClang, found in "/Users/alex/Desktop/ongoing/Stepchild Project/stepchild/code/stepchild/headless/build-native/CMakeFiles/3.23.2/CompilerIdCXX/CMakeCXXCompilerId.o"

Detecting C compiler ABI info compiled with the following output:
Change Dir: /Users/alex/Desktop/ongoing/Stepchild Project/stepchild/code/stepchild/headless/build-native/CMakeFiles/CMakeTmp

Run Build Command(s):/usr/bin/make -f Makefile cmTC_e3584/fast && /Library/Developer/CommandLineTools/usr/bin/make  -f CMakeFiles/cmTC_e3584.dir/build.make CMakeFiles/cmTC_e3584.dir/build
Building C object CMakeFiles/cmTC_e3584.dir/CMakeCCompilerABI.c.o
/Library/Developer/CommandLineTools/usr/bin/cc   -isysroot /Library/Developer/CommandLineTools/SDKs/MacOSX26.4.sdk   -v -Wl,-v -MD -MT CMakeFiles/cmTC_e3584.dir/CMakeCCompilerABI.c.o -MF CMakeFiles/cmTC_e3584.dir/CMakeCCompilerABI.c.o.d -o CMakeFiles/cmTC_e3584.dir/CMakeCCompilerABI.c.o -c /usr/local/Cellar/cmake/3.23.2/share/cmake/Modules/CMakeCCompilerABI.c
Apple clang version 21.0.0 (clang-2100.0.123.102)
Target: x86_64-apple-darwin25.5.0
Thread model: posix
InstalledDir: /Library/Developer/CommandLineTools/usr/bin
cc: warning: -Wl,-v: 'linker' input unused [-Wunused-command-line-argument]
 "/Library/Developer/CommandLineTools/usr/bin/clang" -cc1 -triple x86_64-apple-macosx26.0.0 -Wundef-prefix=TARGET_OS_ -Wdeprecated-objc-isa-usage -Werror=deprecated-objc-isa-usage -Werror=implicit-function-declaration -emit-obj -disable-free -clear-ast-before-backend -disable-llvm-verifier -discard-value-names -main-file-name CMakeCCompilerABI.c -mrelocation-model pic -pic-level 2 -mframe-pointer=all -fno-strict-return -ffp-contract=on -fno-rounding-math -funwind-tables=2 -fno-sized-deallocation -target-sdk-version=26.4 -fvisibility-inlines-hidden-static-local-var -fno-modulemap-allow-subdirectory-search -fdefine-target-os-macros -fno-assume-unique-vtables -fno-modulemap-allow-subdirectory-search -target-cpu penryn -tune-cpu generic -debugger-tuning=lldb "-fdebug-compilation-dir=/Users/alex/Desktop/ongoing/Stepchild Project/stepchild/code/stepchild/headless/build-native/CMakeFiles/CMakeTmp" -target-linker-version 1266.8 -v "-fcoverage-compilation-dir=/Users/alex/Desktop/ongoing/Stepchild Project/stepchild/code/stepchild/headless/build-native/CMakeFiles/CMakeTmp" -resource-dir /Library/Developer/CommandLineTools/usr/lib/clang/21 -dependency-file CMakeFiles/cmTC_e3584.dir/CMakeCCompilerABI.c.o.d -skip-unused-modulemap-deps -MT CMakeFiles/cmTC_e3584.dir/CMakeCCompilerABI.c.o -sys-header-deps -isysroot /Library/Developer/CommandLineTools/SDKs/MacOSX26.4.sdk -internal-isystem /Library/Developer/CommandLineTools/SDKs/MacOSX26.4.sdk/usr/local/include -internal-isystem /Library/Developer/CommandLineTools/usr/lib/clang/21/include -internal-externc-isystem /Library/Developer/CommandLineTools/SDKs/MacOSX26.4.sdk/usr/include -internal-externc-isystem /Library/Developer/CommandLineTools/usr/include -internal-iframework /Library/Developer/CommandLineTools/SDKs/MacOSX26.4.sdk/System/Library/Frameworks -internal-iframework /Library/Developer/CommandLineTools/SDKs/MacOSX26.4.sdk/System/Library/SubFrameworks -internal-iframework /Library/Developer/CommandLineTools/SDKs/MacOSX26.4.sdk/Library/Frameworks -Wno-elaborated-enum-base -ferror-limit 19 -stack-protector 1 -fstack-check -mdarwin-stkchk-strong-link -fblocks -fencode-extended-block-signature -fregister-global-dtors-with-atexit -fgnuc-version=4.2.1 -fskip-odr-check-in-gmf -fmax-type-align=16 -fcommon -clang-vendor-feature=+disableNonDependentMemberExprInCurrentInstantiation -fno-odr-hash-protocols -clang-vendor-feature=+enableAggressiveVLAFolding -clang-vendor-feature=+revert09abecef7bbf -clang-vendor-feature=+thisNoAlignAttr -clang-vendor-feature=+thisNoNullAttr -clang-vendor-feature=+disableAtImportPrivateFrameworkInImplementationError -Wno-error=allocator-wrappers -fdwarf2-cfi-asm -o CMakeFiles/cmTC_e3584.dir/CMakeCCompilerABI.c.o -x c /usr/local/Cellar/cmake/3.23.2/share/cmake/Modules/CMakeCCompilerABI.c
clang -cc1 version 21.0.0 (clang-2100.0.123.102) default target x86_64-apple-darwin25.5.0
ignoring nonexistent directory "/Library/Developer/CommandLineTools/SDKs/MacOSX26.4.sdk/usr/local/include"
ignoring nonexistent directory "/Library/Developer/CommandLineTools/SDKs/MacOSX26.4.sdk/Library/Frameworks"
#include "..." search starts here:
#include <...> search starts here:
 /Library/Developer/CommandLineTools/usr/lib/clang/21/include
 /Library/Developer/CommandLineTools/SDKs/MacOSX26.4.sdk/usr/include
 /Library/Developer/CommandLineTools/usr/include
 /Library/Developer/CommandLineTools/SDKs/MacOSX26.4.sdk/System/Library/Frameworks (framework directory)
 /Library/Developer/CommandLineTools/SDKs/MacOSX26.4.sdk/System/Library/SubFrameworks (framework directory)
End of search list.
Linking C executable cmTC_e3584
/usr/local/Cellar/cmake/3.23.2/bin/cmake -E cmake_link_script CMakeFiles/cmTC_e3584.dir/link.txt --verbose=1
/Library/Developer/CommandLineTools/usr/bin/cc  -isysroot /Library/Developer/CommandLineTools/SDKs/MacOSX26.4.sdk -Wl,-search_paths_first -Wl,-headerpad_max_install_names  -v -Wl,-v CMakeFiles/cmTC_e3584.dir/CMakeCCompilerABI.c.o -o cmTC_e3584 
Apple clang version 21.0.0 (clang-2100.0.123.102)
Target: x86_64-apple-darwin25.5.0
Thread model: posix
InstalledDir: /Library/Developer/CommandLineTools/usr/bin
 "/Library/Developer/CommandLineTools/usr/bin/ld" -demangle -lto_library /Library/Developer/CommandLineTools/usr/lib/libLTO.dylib -dynamic -arch x86_64 -platform_version macos 26.0.0 26.4 -syslibroot /Library/Developer/CommandLineTools/SDKs/MacOSX26.4.sdk -mllvm -enable-linkonceodr-outlining -o cmTC_e3584 -search_paths_first -headerpad_max_install_names -v CMakeFiles/cmTC_e3584.dir/CMakeCCompilerABI.c.o -lSystem /Library/Developer/CommandLineTools/usr/lib/clang/21/lib/darwin/libclang_rt.osx.a
@(#)PROGRAM:ld PROJECT:ld-1266.8
BUILD 01:29:11 Apr  9 2026
configured to support archs: armv6 armv7 armv7s arm64 arm64e arm64_32 i386 x86_64 x86_64h armv6m armv7k armv7m armv7em armv8m.main armv8.1m.main
will use ld-classic for: armv6 armv7 armv7s i386 armv6m armv7k armv7m armv7em
LTO support using: LLVM version 21.0.0 (static support for 30, runtime is 30)
TAPI support using: Apple TAPI version 21.0.0 (tapi-2100.0.2.6)
Library search paths:
	/Library/Developer/CommandLineTools/SDKs/MacOSX26.4.sdk/usr/lib
	/Library/Developer/CommandLineTools/SDKs/MacOSX26.4.sdk/usr/lib/swift
Framework search paths:
	/Library/Developer/CommandLineTools/SDKs/MacOSX26.4.sdk/System/Library/Frameworks



Parsed C implicit include dir info from above output: rv=done
  found start of include info
  found start of implicit include info
    add: [/Library/Developer/CommandLineTools/usr/lib/clang/21/include]
    add: [/Library/Developer/CommandLineTools/SDKs/MacOSX26.4.sdk/usr/include]
    add: [/Library/Developer/CommandLineTools/usr/include]
  end of search list found
  collapse include dir [/Library/Developer/CommandLineTools/usr/lib/clang/21/include] ==> [/Library/Developer/CommandLineTools/usr/lib/clang/21/include]
  collapse include dir [/Library/Developer/CommandLineTools/SDKs/MacOSX26.4.sdk/usr/include] ==> [/Library/Developer/CommandLineTools/SDKs/MacOSX26.4.sdk/usr/include]
  collapse include dir [/Library/Developer/CommandLineTools/usr/include] ==> [/Library/Developer/CommandLineTools/usr/include]
  implicit include dirs: [/Library/Developer/CommandLineTools/usr/lib/clang/21/include;/Library/Developer/CommandLineTools/SDKs/MacOSX26.4.sdk/usr/include;/Library/Developer/CommandLineTools/usr/include]


Parsed C implicit link information from above output:
  link line regex: [^( *|.*[/\])(ld|CMAKE_LINK_STARTFILE-NOTFOUND|([^/\]+-)?ld|collect2)[^/\]*( |$)]
  ignore line: [Change Dir: /Users/alex/Desktop/ongoing/Stepchild Project/stepchild/code/stepchild/headless/build-native/CMakeFiles/CMakeTmp]
  ignore line: []
  ignore line: [Run Build Command(s):/usr/bin/make -f Makefile cmTC_e3584/fast && /Library/Developer/CommandLineTools/usr/bin/make  -f CMakeFiles/cmTC_e3584.dir/build.make CMakeFiles/cmTC_e3584.dir/build]
  ignore line: [Building C object CMakeFiles/cmTC_e3584.dir/CMakeCCompilerABI.c.o]
  ignore line: [/Library/Developer/CommandLineTools/usr/bin/cc   -isysroot /Library/Developer/CommandLineTools/SDKs/MacOSX26.4.sdk   -v -Wl -v -MD -MT CMakeFiles/cmTC_e3584.dir/CMakeCCompilerABI.c.o -MF CMakeFiles/cmTC_e3584.dir/CMakeCCompilerABI.c.o.d -o CMakeFiles/cmTC_e3584.dir/CMakeCCompilerABI.c.o -c /usr/local/Cellar/cmake/3.23.2/share/cmake/Modules/CMakeCCompilerABI.c]
  ignore line: [Apple clang version 21.0.0 (clang-2100.0.123.102)]
  ignore line: [Target: x86_64-apple-darwin25.5.0]
  ignore line: [Thread model: posix]
  ignore line: [InstalledDir: /Library/Developer/CommandLineTools/usr/bin]
  ignore line: [cc: warning: -Wl -v: 'linker' input unused [-Wunused-command-line-argument]]
  ignore line: [ "/Library/Developer/CommandLineTools/usr/bin/clang" -cc1 -triple x86_64-apple-macosx26.0.0 -Wundef-prefix=TARGET_OS_ -Wdeprecated-objc-isa-usage -Werror=deprecated-objc-isa-usage -Werror=implicit-function-declaration -emit-obj -disable-free -clear-ast-before-backend -disable-llvm-verifier -discard-value-names -main-file-name CMakeCCompilerABI.c -mrelocation-model pic -pic-level 2 -mframe-pointer=all -fno-strict-return -ffp-contract=on -fno-rounding-math -funwind-tables=2 -fno-sized-deallocation -target-sdk-version=26.4 -fvisibility-inlines-hidden-static-local-var -fno-modulemap-allow-subdirectory-search -fdefine-target-os-macros -fno-assume-unique-vtables -fno-modulemap-allow-subdirectory-search -target-cpu penryn -tune-cpu generic -debugger-tuning=lldb "-fdebug-compilation-dir=/Users/alex/Desktop/ongoing/Stepchild Project/stepchild/code/stepchild/headless/build-native/CMakeFiles/CMakeTmp" -target-linker-version 1266.8 -v "-fcoverage-compilation-dir=/Users/alex/Desktop/ongoing/Stepchild Project/stepchild/code/stepchild/headless/build-native/CMakeFiles/CMakeTmp" -resource-dir /Library/Developer/CommandLineTools/usr/lib/clang/21 -dependency-file CMakeFiles/cmTC_e3584.dir/CMakeCCompilerABI.c.o.d -skip-unused-modulemap-deps -MT CMakeFiles/cmTC_e3584.dir/CMakeCCompilerABI.c.o -sys-header-deps -isysroot /Library/Developer/CommandLineTools/SDKs/MacOSX26.4.sdk -internal-isystem /Library/Developer/CommandLineTools/SDKs/MacOSX26.4.sdk/usr/local/include -internal-isystem /Library/Developer/CommandLineTools/usr/lib/clang/21/include -internal-externc-isystem /Library/Developer/CommandLineTools/SDKs/MacOSX26.4.sdk/usr/include -internal-externc-isystem /Library/Developer/CommandLineTools/usr/include -internal-iframework /Library/Developer/CommandLineTools/SDKs/MacOSX26.4.sdk/System/Library/Frameworks -internal-iframework /Library/Developer/CommandLineTools/SDKs/MacOSX26.4.sdk/System/Library/SubFrameworks -internal-iframework /Library/Developer/CommandLineTools/SDKs/MacOSX26.4.sdk/Library/Frameworks -Wno-elaborated-enum-base -ferror-limit 19 -stack-protector 1 -fstack-check -mdarwin-stkchk-strong-link -fblocks -fencode-extended-block-signature -fregister-global-dtors-with-atexit -fgnuc-version=4.2.1 -fskip-odr-check-in-gmf -fmax-type-align=16 -fcommon -clang-vendor-feature=+disableNonDependentMemberExprInCurrentInstantiation -fno-odr-hash-protocols -clang-vendor-feature=+enableAggressiveVLAFolding -clang-vendor-feature=+revert09abecef7bbf -clang-vendor-feature=+thisNoAlignAttr -clang-vendor-feature=+thisNoNullAttr -clang-vendor-feature=+disableAtImportPrivateFrameworkInImplementationError -Wno-error=allocator-wrappers -fdwarf2-cfi-asm -o CMakeFiles/cmTC_e3584.dir/CMakeCCompilerABI.c.o -x c /usr/local/Cellar/cmake/3.23.2/share/cmake/Modules/CMakeCCompilerABI.c]
  ignore line: [clang -cc1 version 21.0.0 (clang-2100.0.123.102) default target x86_64-apple-darwin25.5.0]
  ignore line: [ignoring nonexistent directory "/Library/Developer/CommandLineTools/SDKs/MacOSX26.4.sdk/usr/local/include"]
  ignore line: [ignoring nonexistent directory "/Library/Developer/CommandLineTools/SDKs/MacOSX26.4.sdk/Library/Frameworks"]
  ignore line: [#include "..." search starts here:]
  ignore line: [#include <...> search starts here:]
  ignore line: [ /Library/Developer/CommandLineTools/usr/lib/clang/21/include]
  ignore line: [ /Library/Developer/CommandLineTools/SDKs/MacOSX26.4.sdk/usr/include]
  ignore line: [ /Library/Developer/CommandLineTools/usr/include]
  ignore line: [ /Library/Developer/CommandLineTools/SDKs/MacOSX26.4.sdk/System/Library/Frameworks (framework directory)]
  ignore line: [ /Library/Developer/CommandLineTools/SDKs/MacOSX26.4.sdk/System/Library/SubFrameworks (framework directory)]
  ignore line: [End of search list.]
  ignore line: [Linking C executable cmTC_e3584]
  ignore line: [/usr/local/Cellar/cmake/3.23.2/bin/cmake -E cmake_link_script CMakeFiles/cmTC_e3584.dir/link.txt --verbose=1]
  ignore line: [/Library/Developer/CommandLineTools/usr/bin/cc  -isysroot /Library/Developer/CommandLineTools/SDKs/MacOSX26.4.sdk -Wl -search_paths_first -Wl -headerpad_max_install_names  -v -Wl -v CMakeFiles/cmTC_e3584.dir/CMakeCCompilerABI.c.o -o cmTC_e3584 ]
  ignore line: [Apple clang version 21.0.0 (clang-2100.0.123.102)]
  ignore line: [Target: x86_64-apple-darwin25.5.0]
  ignore line: [Thread model: posix]
  ignore line: [InstalledDir: /Library/Developer/CommandLineTools/usr/bin]
  link line: [ "/Library/Developer/CommandLineTools/usr/bin/ld" -demangle -lto_library /Library/Developer/CommandLineTools/usr/lib/libLTO.dylib -dynamic -arch x86_64 -platform_version macos 26.0.0 26.4 -syslibroot /Library/Developer/CommandLineTools/SDKs/MacOSX26.4.sdk -mllvm -enable-linkonceodr-outlining -o cmTC_e3584 -search_paths_first -headerpad_max_install_names -v CMakeFiles/cmTC_e3584.dir/CMakeCCompilerABI.c.o -lSystem /Library/Developer/CommandLineTools/usr/lib/clang/21/lib/darwin/libclang_rt.osx.a]
    arg [/Library/Developer/CommandLineTools/usr/bin/ld] ==> ignore
    arg [-demangle] ==> ignore
    arg [-lto_library] ==> ignore, skip following value
    arg [/Library/Developer/CommandLineTools/usr/lib/libLTO.dylib] ==> skip value of -lto_library
    arg [-dynamic] ==> ignore
    arg [-arch] ==> ignore
    arg [x86_64] ==> ignore
    arg [-platform_version] ==> ignore
    arg [macos] ==> ignore
    arg [26.0.0] ==> ignore
    arg [26.4] ==> ignore
    arg [-syslibroot] ==> ignore
    arg [/Library/Developer/CommandLineTools/SDKs/MacOSX26.4.sdk] ==> ignore
    arg [-mllvm] ==> ignore
    arg [-enable-linkonceodr-outlining] ==> ignore
    arg [-o] ==> ignore
    arg [cmTC_e3584] ==> ignore
    arg [-search_paths_first] ==> ignore
    arg [-headerpad_max_install_names] ==> ignore
    arg [-v] ==> ignore
    arg [CMakeFiles/cmTC_e3584.dir/CMakeCCompilerABI.c.o] ==> ignore
    arg [-lSystem] ==> lib [System]
    arg [/Library/Developer/CommandLineTools/usr/lib/clang/21/lib/darwin/libclang_rt.osx.a] ==> lib [/Library/Developer/CommandLineTools/usr/lib/clang/21/lib/darwin/libclang_rt.osx.a]
  Library search paths: [;/Library/Developer/CommandLineTools/SDKs/MacOSX26.4.sdk/usr/lib;/Library/Developer/CommandLineTools/SDKs/MacOSX26.4.sdk/usr/lib/swift]
  Framework search paths: [;/Library/Developer/CommandLineTools/SDKs/MacOSX26.4.sdk/System/Library/Frameworks]
  remove lib [System]
  remove lib [/Library/Developer/CommandLineTools/usr/lib/clang/21/lib/darwin/libclang_rt.osx.a]
  collapse library dir [/Library/Developer/CommandLineTools/SDKs/MacOSX26.4.sdk/usr/lib] ==> [/Library/Developer/CommandLineTools/SDKs/MacOSX26.4.sdk/usr/lib]
  collapse library dir [/Library/Developer/CommandLineTools/SDKs/MacOSX26.4.sdk/usr/lib/swift] ==> [/Library/Developer/CommandLineTools/SDKs/MacOSX26.4.sdk/usr/lib/swift]
  collapse framework dir [/Library/Developer/CommandLineTools/SDKs/MacOSX26.4.sdk/System/Library/Frameworks] ==> [/Library/Developer/CommandLineTools/SDKs/MacOSX26.4.sdk/System/Library/Frameworks]
  implicit libs: []
  implicit objs: []
  implicit dirs: [/Library/Developer/CommandLineTools/SDKs/MacOSX26.4.sdk/usr/lib;/Library/Developer/CommandLineTools/SDKs/MacOSX26.4.sdk/usr/lib/swift]
  implicit fwks: [/Library/Developer/CommandLineTools/SDKs/MacOSX26.4.sdk/System/Library/Frameworks]


Detecting CXX compiler ABI info compiled with the following output:
Change Dir: /Users/alex/Desktop/ongoing/Stepchild Project/stepchild/code/stepchild/headless/build-native/CMakeFiles/CMakeTmp

Run Build Command(s):/usr/bin/make -f Makefile cmTC_0de99/fast && /Library/Developer/CommandLineTools/usr/bin/make  -f CMakeFiles/cmTC_0de99.dir/build.make CMakeFiles/cmTC_0de99.dir/build
Building CXX object CMakeFiles/cmTC_0de99.dir/CMakeCXXCompilerABI.cpp.o
/Library/Developer/CommandLineTools/usr/bin/c++   -isysroot /Library/Developer/CommandLineTools/SDKs/MacOSX26.4.sdk   -v -Wl,-v -MD -MT CMakeFiles/cmTC_0de99.dir/CMakeCXXCompilerABI.cpp.o -MF CMakeFiles/cmTC_0de99.dir/CMakeCXXCompilerABI.cpp.o.d -o CMakeFiles/cmTC_0de99.dir/CMakeCXXCompilerABI.cpp.o -c /usr/local/Cellar/cmake/3.23.2/share/cmake/Modules/CMakeCXXCompilerABI.cpp
Apple clang version 21.0.0 (clang-2100.0.123.102)
Target: x86_64-apple-darwin25.5.0
Thread model: posix
InstalledDir: /Library/Developer/CommandLineTools/usr/bin
c++: warning: -Wl,-v: 'linker' input unused [-Wunused-command-line-argument]
ignoring nonexistent directory "/Library/Developer/CommandLineTools/usr/bin/../include/c++/v1"
 "/Library/Developer/CommandLineTools/usr/bin/clang" -cc1 -triple x86_64-apple-macosx26.0.0 -Wundef-prefix=TARGET_OS_ -Wdeprecated-objc-isa-usage -Werror=deprecated-objc-isa-usage -Werror=implicit-function-declaration -emit-obj -disable-free -clear-ast-before-backend -disable-llvm-verifier -discard-value-names -main-file-name CMakeCXXCompilerABI.cpp -mrelocation-model pic -pic-level 2 -mframe-pointer=all -fno-strict-return -ffp-contract=on -fno-rounding-math -funwind-tables=2 -fno-sized-deallocation -target-sdk-version=26.4 -fvisibility-inlines-hidden-static-local-var -fno-modulemap-allow-subdirectory-search -fdefine-target-os-macros -fno-assume-unique-vtables -fno-modulemap-allow-subdirectory-search -target-cpu penryn -tune-cpu generic -debugger-tuning=lldb "-fdebug-compilation-dir=/Users/alex/Desktop/ongoing/Stepchild Project/stepchild/code/stepchild/headless/build-native/CMakeFiles/CMakeTmp" -target-linker-version 1266.8 -v "-fcoverage-compilation-dir=/Users/alex/Desktop/ongoing/Stepchild Project/stepchild/code/stepchild/headless/build-native/CMakeFiles/CMakeTmp" -resource-dir /Library/Developer/CommandLineTools/usr/lib/clang/21 -dependency-file CMakeFiles/cmTC_0de99.dir/CMakeCXXCompilerABI.cpp.o.d -skip-unused-modulemap-deps -MT CMakeFiles/cmTC_0de99.dir/CMakeCXXCompilerABI.cpp.o -sys-header-deps -isysroot /Library/Developer/CommandLineTools/SDKs/MacOSX26.4.sdk -internal-isystem /Library/Developer/CommandLineTools/SDKs/MacOSX26.4.sdk/usr/include/c++/v1 -internal-isystem /Library/Developer/CommandLineTools/SDKs/MacOSX26.4.sdk/usr/local/include -internal-isystem /Library/Developer/CommandLineTools/usr/lib/clang/21/include -internal-externc-isystem /Library/Developer/CommandLineTools/SDKs/MacOSX26.4.sdk/usr/include -internal-externc-isystem /Library/Developer/CommandLineTools/usr/include -internal-iframework /Library/Developer/CommandLineTools/SDKs/MacOSX26.4.sdk/System/Library/Frameworks -internal-iframework /Library/Developer/CommandLineTools/SDKs/MacOSX26.4.sdk/System/Library/SubFrameworks -internal-iframework /Library/Developer/CommandLineTools/SDKs/MacOSX26.4.sdk/Library/Frameworks -Wno-elaborated-enum-base -fdeprecated-macro -ferror-limit 19 -stack-protector 1 -fstack-check -mdarwin-stkchk-strong-link -fblocks -fencode-extended-block-signature -fregister-global-dtors-with-atexit -fgnuc-version=4.2.1 -fskip-odr-check-in-gmf -fcxx-exceptions -fexceptions -fmax-type-align=16 -fcommon -clang-vendor-feature=+disableNonDependentMemberExprInCurrentInstantiation -fno-odr-hash-protocols -clang-vendor-feature=+enableAggressiveVLAFolding -clang-vendor-feature=+revert09abecef7bbf -clang-vendor-feature=+thisNoAlignAttr -clang-vendor-feature=+thisNoNullAttr -clang-vendor-feature=+disableAtImportPrivateFrameworkInImplementationError -Wno-error=allocator-wrappers -fdwarf2-cfi-asm -o CMakeFiles/cmTC_0de99.dir/CMakeCXXCompilerABI.cpp.o -x c++ /usr/local/Cellar/cmake/3.23.2/share/cmake/Modules/CMakeCXXCompilerABI.cpp
clang -cc1 version 21.0.0 (clang-2100.0.123.102) default target x86_64-apple-darwin25.5.0
ignoring nonexistent directory "/Library/Developer/CommandLineTools/SDKs/MacOSX26.4.sdk/usr/local/include"
ignoring nonexistent directory "/Library/Developer/CommandLineTools/SDKs/MacOSX26.4.sdk/Library/Frameworks"
#include "..." search starts here:
#include <...> search starts here:
 /Library/Developer/CommandLineTools/SDKs/MacOSX26.4.sdk/usr/include/c++/v1
 /Library/Developer/CommandLineTools/usr/lib/clang/21/include
 /Library/Developer/CommandLineTools/SDKs/MacOSX26.4.sdk/usr/include
 /Library/Developer/CommandLineTools/usr/include
 /Library/Developer/CommandLineTools/SDKs/MacOSX26.4.sdk/System/Library/Frameworks (framework directory)
 /Library/Developer/CommandLineTools/SDKs/MacOSX26.4.sdk/System/Library/SubFrameworks (framework directory)
End of search list.
Linking CXX executable cmTC_0de99
/usr/local/Cellar/cmake/3.23.2/bin/cmake -E cmake_link_script CMakeFiles/cmTC_0de99.dir/link.txt --verbose=1
/Library/Developer/CommandLineTools/usr/bin/c++  -isysroot /Library/Developer/CommandLineTools/SDKs/MacOSX26.4.sdk -Wl,-search_paths_first -Wl,-headerpad_max_install_names  -v -Wl,-v CMakeFiles/cmTC_0de99.dir/CMakeCXXCompilerABI.cpp.o -o cmTC_0de99 
Apple clang version 21.0.0 (clang-2100.0.123.102)
Target: x86_64-apple-darwin25.5.0
Thread model: posix
InstalledDir: /Library/Developer/CommandLineTools/usr/bin
 "/Library/Developer/CommandLineTools/usr/bin/ld" -demangle -lto_library /Library/Developer/CommandLineTools/usr/lib/libLTO.dylib -dynamic -arch x86_64 -platform_version macos 26.0.0 26.4 -syslibroot /Library/Developer/CommandLineTools/SDKs/MacOSX26.4.sdk -mllvm -enable-linkonceodr-outlining -o cmTC_0de99 -search_paths_first -headerpad_max_install_names -v CMakeFiles/cmTC_0de99.dir/CMakeCXXCompilerABI.cpp.o -lc++ -lSystem /Library/Developer/CommandLineTools/usr/lib/clang/21/lib/darwin/libclang_rt.osx.a
@(#)PROGRAM:ld PROJECT:ld-1266.8
BUILD 01:29:11 Apr  9 2026
configured to support archs: armv6 armv7 armv7s arm64 arm64e arm64_32 i386 x86_64 x86_64h armv6m armv7k armv7m armv7em armv8m.main armv8.1m.main
will use ld-classic for: armv6 armv7 armv7s i386 armv6m armv7k armv7m armv7em
LTO support using: LLVM version 21.0.0 (static support for 30, runtime is 30)
TAPI support using: Apple TAPI version 21.0.0 (tapi-2100.0.2.6)
Library search paths:
	/Library/Developer/CommandLineTools/SDKs/MacOSX26.4.sdk/usr/lib
	/Library/Developer/CommandLineTools/SDKs/MacOSX26.4.sdk/usr/lib/swift
Framework search paths:
	/Library/Developer/CommandLineTools/SDKs/MacOSX26.4.sdk/System/Library/Frameworks



Parsed CXX implicit include dir info from above output: rv=done
  found start of include info
  found start of implicit include info
    add: [/Library/Developer/CommandLineTools/SDKs/MacOSX26.4.sdk/usr/include/c++/v1]
    add: [/Library/Developer/CommandLineTools/usr/lib/clang/21/include]
    add: [/Library/Developer/CommandLineTools/SDKs/MacOSX26.4.sdk/usr/include]
    add: [/Library/Developer/CommandLineTools/usr/include]
  end of search list found
  collapse include dir [/Library/Developer/CommandLineTools/SDKs/MacOSX26.4.sdk/usr/include/c++/v1] ==> [/Library/Developer/CommandLineTools/SDKs/MacOSX26.4.sdk/usr/include/c++/v1]
  collapse include dir [/Library/Developer/CommandLineTools/usr/lib/clang/21/include] ==> [/Library/Developer/CommandLineTools/usr/lib/clang/21/include]
  collapse include dir [/Library/Developer/CommandLineTools/SDKs/MacOSX26.4.sdk/usr/include] ==> [/Library/Developer/CommandLineTools/SDKs/MacOSX26.4.sdk/usr/include]
  collapse include dir [/Library/Developer/CommandLineTools/usr/include] ==> [/Library/Developer/CommandLineTools/usr/include]
  implicit include dirs: [/Library/Developer/CommandLineTools/SDKs/MacOSX26.4.sdk/usr/include/c++/v1;/Library/Developer/CommandLineTools/usr/lib/clang/21/include;/Library/Developer/CommandLineTools/SDKs/MacOSX26.4.sdk/usr/include;/Library/Developer/CommandLineTools/usr/include]


Parsed CXX implicit link information from above output:
  link line regex: [^( *|.*[/\])(ld|CMAKE_LINK_STARTFILE-NOTFOUND|([^/\]+-)?ld|collect2)[^/\]*( |$)]
  ignore line: [Change Dir: /Users/alex/Desktop/ongoing/Stepchild Project/stepchild/code/stepchild/headless/build-native/CMakeFiles/CMakeTmp]
  ignore line: []
  ignore line: [Run Build Command(s):/usr/bin/make -f Makefile cmTC_0de99/fast && /Library/Developer/CommandLineTools/usr/bin/make  -f CMakeFiles/cmTC_0de99.dir/build.make CMakeFiles/cmTC_0de99.dir/build]
  ignore line: [Building CXX object CMakeFiles/cmTC_0de99.dir/CMakeCXXCompilerABI.cpp.o]
  ignore line: [/Library/Developer/CommandLineTools/usr/bin/c++   -isysroot /Library/Developer/CommandLineTools/SDKs/MacOSX26.4.sdk   -v -Wl -v -MD -MT CMakeFiles/cmTC_0de99.dir/CMakeCXXCompilerABI.cpp.o -MF CMakeFiles/cmTC_0de99.dir/CMakeCXXCompilerABI.cpp.o.d -o CMakeFiles/cmTC_0de99.dir/CMakeCXXCompilerABI.cpp.o -c /usr/local/Cellar/cmake/3.23.2/share/cmake/Modules/CMakeCXXCompilerABI.cpp]
  ignore line: [Apple clang version 21.0.0 (clang-2100.0.123.102)]
  ignore line: [Target: x86_64-apple-darwin25.5.0]
  ignore line: [Thread model: posix]
  ignore line: [InstalledDir: /Library/Developer/CommandLineTools/usr/bin]
  ignore line: [c++: warning: -Wl -v: 'linker' input unused [-Wunused-command-line-argument]]
  ignore line: [ignoring nonexistent directory "/Library/Developer/CommandLineTools/usr/bin/../include/c++/v1"]
  ignore line: [ "/Library/Developer/CommandLineTools/usr/bin/clang" -cc1 -triple x86_64-apple-macosx26.0.0 -Wundef-prefix=TARGET_OS_ -Wdeprecated-objc-isa-usage -Werror=deprecated-objc-isa-usage -Werror=implicit-function-declaration -emit-obj -disable-free -clear-ast-before-backend -disable-llvm-verifier -discard-value-names -main-file-name CMakeCXXCompilerABI.cpp -mrelocation-model pic -pic-level 2 -mframe-pointer=all -fno-strict-return -ffp-contract=on -fno-rounding-math -funwind-tables=2 -fno-sized-deallocation -target-sdk-version=26.4 -fvisibility-inlines-hidden-static-local-var -fno-modulemap-allow-subdirectory-search -fdefine-target-os-macros -fno-assume-unique-vtables -fno-modulemap-allow-subdirectory-search -target-cpu penryn -tune-cpu generic -debugger-tuning=lldb "-fdebug-compilation-dir=/Users/alex/Desktop/ongoing/Stepchild Project/stepchild/code/stepchild/headless/build-native/CMakeFiles/CMakeTmp" -target-linker-version 1266.8 -v "-fcoverage-compilation-dir=/Users/alex/Desktop/ongoing/Stepchild Project/stepchild/code/stepchild/headless/build-native/CMakeFiles/CMakeTmp" -resource-dir /Library/Developer/CommandLineTools/usr/lib/clang/21 -dependency-file CMakeFiles/cmTC_0de99.dir/CMakeCXXCompilerABI.cpp.o.d -skip-unused-modulemap-deps -MT CMakeFiles/cmTC_0de99.dir/CMakeCXXCompilerABI.cpp.o -sys-header-deps -isysroot /Library/Developer/CommandLineTools/SDKs/MacOSX26.4.sdk -internal-isystem /Library/Developer/CommandLineTools/SDKs/MacOSX26.4.sdk/usr/include/c++/v1 -internal-isystem /Library/Developer/CommandLineTools/SDKs/MacOSX26.4.sdk/usr/local/include -internal-isystem /Library/Developer/CommandLineTools/usr/lib/clang/21/include -internal-externc-isystem /Library/Developer/CommandLineTools/SDKs/MacOSX26.4.sdk/usr/include -internal-externc-isystem /Library/Developer/CommandLineTools/usr/include -internal-iframework /Library/Developer/CommandLineTools/SDKs/MacOSX26.4.sdk/System/Library/Frameworks -internal-iframework /Library/Developer/CommandLineTools/SDKs/MacOSX26.4.sdk/System/Library/SubFrameworks -internal-iframework /Library/Developer/CommandLineTools/SDKs/MacOSX26.4.sdk/Library/Frameworks -Wno-elaborated-enum-base -fdeprecated-macro -ferror-limit 19 -stack-protector 1 -fstack-check -mdarwin-stkchk-strong-link -fblocks -fencode-extended-block-signature -fregister-global-dtors-with-atexit -fgnuc-version=4.2.1 -fskip-odr-check-in-gmf -fcxx-exceptions -fexceptions -fmax-type-align=16 -fcommon -clang-vendor-feature=+disableNonDependentMemberExprInCurrentInstantiation -fno-odr-hash-protocols -clang-vendor-feature=+enableAggressiveVLAFolding -clang-vendor-feature=+revert09abecef7bbf -clang-vendor-feature=+thisNoAlignAttr -clang-vendor-feature=+thisNoNullAttr -clang-vendor-feature=+disableAtImportPrivateFrameworkInImplementationError -Wno-error=allocator-wrappers -fdwarf2-cfi-asm -o CMakeFiles/cmTC_0de99.dir/CMakeCXXCompilerABI.cpp.o -x c++ /usr/local/Cellar/cmake/3.23.2/share/cmake/Modules/CMakeCXXCompilerABI.cpp]
  ignore line: [clang -cc1 version 21.0.0 (clang-2100.0.123.102) default target x86_64-apple-darwin25.5.0]
  ignore line: [ignoring nonexistent directory "/Library/Developer/CommandLineTools/SDKs/MacOSX26.4.sdk/usr/local/include"]
  ignore line: [ignoring nonexistent directory "/Library/Developer/CommandLineTools/SDKs/MacOSX26.4.sdk/Library/Frameworks"]
  ignore line: [#include "..." search starts here:]
  ignore line: [#include <...> search starts here:]
  ignore line: [ /Library/Developer/CommandLineTools/SDKs/MacOSX26.4.sdk/usr/include/c++/v1]
  ignore line: [ /Library/Developer/CommandLineTools/usr/lib/clang/21/include]
  ignore line: [ /Library/Developer/CommandLineTools/SDKs/MacOSX26.4.sdk/usr/include]
  ignore line: [ /Library/Developer/CommandLineTools/usr/include]
  ignore line: [ /Library/Developer/CommandLineTools/SDKs/MacOSX26.4.sdk/System/Library/Frameworks (framework directory)]
  ignore line: [ /Library/Developer/CommandLineTools/SDKs/MacOSX26.4.sdk/System/Library/SubFrameworks (framework directory)]
  ignore line: [End of search list.]
  ignore line: [Linking CXX executable cmTC_0de99]
  ignore line: [/usr/local/Cellar/cmake/3.23.2/bin/cmake -E cmake_link_script CMakeFiles/cmTC_0de99.dir/link.txt --verbose=1]
  ignore line: [/Library/Developer/CommandLineTools/usr/bin/c++  -isysroot /Library/Developer/CommandLineTools/SDKs/MacOSX26.4.sdk -Wl -search_paths_first -Wl -headerpad_max_install_names  -v -Wl -v CMakeFiles/cmTC_0de99.dir/CMakeCXXCompilerABI.cpp.o -o cmTC_0de99 ]
  ignore line: [Apple clang version 21.0.0 (clang-2100.0.123.102)]
  ignore line: [Target: x86_64-apple-darwin25.5.0]
  ignore line: [Thread model: posix]
  ignore line: [InstalledDir: /Library/Developer/CommandLineTools/usr/bin]
  link line: [ "/Library/Developer/CommandLineTools/usr/bin/ld" -demangle -lto_library /Library/Developer/CommandLineTools/usr/lib/libLTO.dylib -dynamic -arch x86_64 -platform_version macos 26.0.0 26.4 -syslibroot /Library/Developer/CommandLineTools/SDKs/MacOSX26.4.sdk -mllvm -enable-linkonceodr-outlining -o cmTC_0de99 -search_paths_first -headerpad_max_install_names -v CMakeFiles/cmTC_0de99.dir/CMakeCXXCompilerABI.cpp.o -lc++ -lSystem /Library/Developer/CommandLineTools/usr/lib/clang/21/lib/darwin/libclang_rt.osx.a]
    arg [/Library/Developer/CommandLineTools/usr/bin/ld] ==> ignore
    arg [-demangle] ==> ignore
    arg [-lto_library] ==> ignore, skip following value
    arg [/Library/Developer/CommandLineTools/usr/lib/libLTO.dylib] ==> skip value of -lto_library
    arg [-dynamic] ==> ignore
    arg [-arch] ==> ignore
    arg [x86_64] ==> ignore
    arg [-platform_version] ==> ignore
    arg [macos] ==> ignore
    arg [26.0.0] ==> ignore
    arg [26.4] ==> ignore
    arg [-syslibroot] ==> ignore
    arg [/Library/Developer/CommandLineTools/SDKs/MacOSX26.4.sdk] ==> ignore
    arg [-mllvm] ==> ignore
    arg [-enable-linkonceodr-outlining] ==> ignore
    arg [-o] ==> ignore
    arg [cmTC_0de99] ==> ignore
    arg [-search_paths_first] ==> ignore
    arg [-headerpad_max_install_names] ==> ignore
    arg [-v] ==> ignore
    arg [CMakeFiles/cmTC_0de99.dir/CMakeCXXCompilerABI.cpp.o] ==> ignore
    arg [-lc++] ==> lib [c++]
    arg [-lSystem] ==> lib [System]
    arg [/Library/Developer/CommandLineTools/usr/lib/clang/21/lib/darwin/libclang_rt.osx.a] ==> lib [/Library/Developer/CommandLineTools/usr/lib/clang/21/lib/darwin/libclang_rt.osx.a]
  Library search paths: [;/Library/Developer/CommandLineTools/SDKs/MacOSX26.4.sdk/usr/lib;/Library/Developer/CommandLineTools/SDKs/MacOSX26.4.sdk/usr/lib/swift]
  Framework search paths: [;/Library/Developer/CommandLineTools/SDKs/MacOSX26.4.sdk/System/Library/Frameworks]
  remove lib [System]
  remove lib [/Library/Developer/CommandLineTools/usr/lib/clang/21/lib/darwin/libclang_rt.osx.a]
  collapse library dir [/Library/Developer/CommandLineTools/SDKs/MacOSX26.4.sdk/usr/lib] ==> [/Library/Developer/CommandLineTools/SDKs/MacOSX26.4.sdk/usr/lib]
  collapse library dir [/Library/Developer/CommandLineTools/SDKs/MacOSX26.4.sdk/usr/lib/swift] ==> [/Library/Developer/CommandLineTools/SDKs/MacOSX26.4.sdk/usr/lib/swift]
  collapse framework dir [/Library/Developer/CommandLineTools/SDKs/MacOSX26.4.sdk/System/Library/Frameworks] ==> [/Library/Developer/CommandLineTools/SDKs/MacOSX26.4.sdk/System/Library/Frameworks]
  implicit libs: [c++]
  implicit objs: []
  implicit dirs: [/Library/Developer/CommandLineTools/SDKs/MacOSX26.4.sdk/usr/lib;/Library/Developer/CommandLineTools/SDKs/MacOSX26.4.sdk/usr/lib/swift]
  implicit fwks: [/Library/Developer/CommandLineTools/SDKs/MacOSX26.4.sdk/System/Library/Frameworks]


Determining if the include file pthread.h exists passed with the following output:
Change Dir: /Users/alex/Desktop/ongoing/Stepchild Project/stepchild/code/stepchild/headless/build-native/CMakeFiles/CMakeTmp

Run Build Command(s):/usr/bin/make -f Makefile cmTC_0593a/fast && /Library/Developer/CommandLineTools/usr/bin/make  -f CMakeFiles/cmTC_0593a.dir/build.make CMakeFiles/cmTC_0593a.dir/build
Building C object CMakeFiles/cmTC_0593a.dir/CheckIncludeFile.c.o
/Library/Developer/CommandLineTools/usr/bin/cc   -isysroot /Library/Developer/CommandLineTools/SDKs/MacOSX26.4.sdk -MD -MT CMakeFiles/cmTC_0593a.dir/CheckIncludeFile.c.o -MF CMakeFiles/cmTC_0593a.dir/CheckIncludeFile.c.o.d -o CMakeFiles/cmTC_0593a.dir/CheckIncludeFile.c.o -c "/Users/alex/Desktop/ongoing/Stepchild Project/stepchild/code/stepchild/headless/build-native/CMakeFiles/CMakeTmp/CheckIncludeFile.c"
Linking C executable cmTC_0593a
/usr/local/Cellar/cmake/3.23.2/bin/cmake -E cmake_link_script CMakeFiles/cmTC_0593a.dir/link.txt --verbose=1
/Library/Developer/CommandLineTools/usr/bin/cc  -isysroot /Library/Developer/CommandLineTools/SDKs/MacOSX26.4.sdk -Wl,-search_paths_first -Wl,-headerpad_max_install_names CMakeFiles/cmTC_0593a.dir/CheckIncludeFile.c.o -o cmTC_0593a 



Performing C SOURCE FILE Test CMAKE_HAVE_LIBC_PTHREAD succeeded with the following output:
Change Dir: /Users/alex/Desktop/ongoing/Stepchild Project/stepchild/code/stepchild/headless/build-native/CMakeFiles/CMakeTmp

Run Build Command(s):/usr/bin/make -f Makefile cmTC_0f6ce/fast && /Library/Developer/CommandLineTools/usr/bin/make  -f CMakeFiles/cmTC_0f6ce.dir/build.make CMakeFiles/cmTC_0f6ce.dir/build
Building C object CMakeFiles/cmTC_0f6ce.dir/src.c.o
/Library/Developer/CommandLineTools/usr/bin/cc -DCMAKE_HAVE_LIBC_PTHREAD  -isysroot /Library/Developer/CommandLineTools/SDKs/MacOSX26.4.sdk -MD -MT CMakeFiles/cmTC_0f6ce.dir/src.c.o -MF CMakeFiles/cmTC_0f6ce.dir/src.c.o.d -o CMakeFiles/cmTC_0f6ce.dir/src.c.o -c "/Users/alex/Desktop/ongoing/Stepchild Project/stepchild/code/stepchild/headless/build-native/CMakeFiles/CMakeTmp/src.c"
Linking C executable cmTC_0f6ce
/usr/local/Cellar/cmake/3.23.2/bin/cmake -E cmake_link_script CMakeFiles/cmTC_0f6ce.dir/link.txt --verbose=1
/Library/Developer/CommandLineTools/usr/bin/cc  -isysroot /Library/Developer/CommandLineTools/SDKs/MacOSX26.4.sdk -Wl,-search_paths_first -Wl,-headerpad_max_install_names CMakeFiles/cmTC_0f6ce.dir/src.c.o -o cmTC_0f6ce 


Source file was:
#include <pthread.h>

static void* test_func(void* data)
{
  return data;
}

int main(void)
{
  pthread_t thread;
  pthread_create(&thread, NULL, test_func, NULL);
  pthread_detach(thread);
  pthread_cancel(thread);
  pthread_join(thread, NULL);
  pthread_atfork(NULL, NULL, NULL);
  pthread_exit(NULL);

  return 0;
}

